>>> a['args']   
Namespace(adam_betas='(0.9, 0.98)', adam_eps=1e-08, adaptive_input=False, adaptive_softmax_cutoff=None, adaptive_softmax_dropout=0, arch='transformer_wmt_en_de_big', attention_dropout=0.1, bucket_cap_mb=25, clip_norm=0.0, cpu=False, criterion='label_smoothed_cross_entropy', data=['/private/home/edunov/wmt19/data/wmt19_en_de_langid_fastbpe/processed/'], ddp_backend='c10d', decoder_attention_heads=16, decoder_embed_dim=1024, decoder_embed_path=None, decoder_ffn_embed_dim=4096, decoder_input_dim=1024, decoder_layers=6, decoder_learned_pos=False, decoder_normalize_before=False, decoder_output_dim=1024, device_id=0, distributed_backend='nccl', distributed_init_method='tcp://learnfair0218:12597', distributed_port=12597, distributed_rank=0, distributed_world_size=128, dropout=0.2, encoder_attention_heads=16, encoder_embed_dim=1024, encoder_embed_path=None, encoder_ffn_embed_dim=8192, encoder_layers=6, encoder_learned_pos=False, encoder_normalize_before=False, extra_data='/private/home/edunov/wmt19/data/wmt19_en_de_sampling5_ende_1:/private/home/edunov/wmt19/data/wmt19_en_de_sampling5_ende_2:/private/home/edunov/wmt19/data/wmt19_en_de_sampling5_ende_3:/private/home/edunov/wmt19/data/wmt19_en_de_sampling5_ende_4', fix_batches_to_gpus=False, fp16=True, fp16_init_scale=128, fp16_scale_tolerance=0.0, fp16_scale_window=None, keep_interval_updates=15, keep_last_epochs=-1, label_smoothing=0.1, lazy_load=False, left_pad_source=True, left_pad_target=False, log_format='simple', log_interval=100, lr=[0.0007], lr_scheduler='inverse_sqrt', lr_shrink=0.1, max_epoch=0, max_sentences=None, max_sentences_valid=None, max_source_positions=1024, max_target_positions=1024, max_tokens=3584, max_update=200000, memory_efficient_fp16=False, min_loss_scale=0.0001, min_lr=1e-09, momentum=0.99, no_epoch_checkpoints=False, no_progress_bar=True, no_save=False, no_token_positional_embeddings=False, num_workers=0, optimizer='adam', optimizer_overrides='{}', raw_text=False, relu_dropout=0.0, reset_lr_scheduler=False, reset_optimizer=False, restore_file='checkpoint_last.pt', save_dir='/checkpoint/michaelauli/20190403/wmt19de2en.btsample5.ffn8192.transformer_wmt_en_de_big_bsz3584_lr0.0007_dr0.2_size_updates200000_seed2_lbsm0.1_size_sa1_upsample4', save_interval=1, save_interval_updates=1000, seed=2, sentence_avg=False, share_all_embeddings=True, share_decoder_input_output_embed=True, skip_invalid_size_inputs_valid_test=False, source_lang='de', target_lang='en', task='translation', tensorboard_logdir='', threshold_loss_scale=None, train_subset='train', update_freq=[1], upsample_primary=4, user_dir=None, valid_subset='valid', validate_interval=1, warmup_init_lr=1e-07, warmup_updates=4000, weight_decay=0.0)
>>> a['model'].keys()
odict_keys(['encoder.version', 'encoder.embed_tokens.weight', 'encoder.embed_positions._float_tensor', 'encoder.layers.0.self_attn.in_proj_weight', 'encoder.layers.0.self_attn.in_proj_bias', 'encoder.layers.0.self_attn.out_proj.weight', 'encoder.layers.0.self_attn.out_proj.bias', 'encoder.layers.0.fc1.weight', 'encoder.layers.0.fc1.bias', 'encoder.layers.0.fc2.weight', 'encoder.layers.0.fc2.bias', 'encoder.layers.0.layer_norms.0.weight', 'encoder.layers.0.layer_norms.0.bias', 'encoder.layers.0.layer_norms.1.weight', 'encoder.layers.0.layer_norms.1.bias', 'encoder.layers.1.self_attn.in_proj_weight', 'encoder.layers.1.self_attn.in_proj_bias', 'encoder.layers.1.self_attn.out_proj.weight', 'encoder.layers.1.self_attn.out_proj.bias', 'encoder.layers.1.fc1.weight', 'encoder.layers.1.fc1.bias', 'encoder.layers.1.fc2.weight', 'encoder.layers.1.fc2.bias', 'encoder.layers.1.layer_norms.0.weight', 'encoder.layers.1.layer_norms.0.bias', 'encoder.layers.1.layer_norms.1.weight', 'encoder.layers.1.layer_norms.1.bias', 'encoder.layers.2.self_attn.in_proj_weight', 'encoder.layers.2.self_attn.in_proj_bias', 'encoder.layers.2.self_attn.out_proj.weight', 'encoder.layers.2.self_attn.out_proj.bias', 'encoder.layers.2.fc1.weight', 'encoder.layers.2.fc1.bias', 'encoder.layers.2.fc2.weight', 'encoder.layers.2.fc2.bias', 'encoder.layers.2.layer_norms.0.weight', 'encoder.layers.2.layer_norms.0.bias', 'encoder.layers.2.layer_norms.1.weight', 'encoder.layers.2.layer_norms.1.bias', 'encoder.layers.3.self_attn.in_proj_weight', 'encoder.layers.3.self_attn.in_proj_bias', 'encoder.layers.3.self_attn.out_proj.weight', 'encoder.layers.3.self_attn.out_proj.bias', 'encoder.layers.3.fc1.weight', 'encoder.layers.3.fc1.bias', 'encoder.layers.3.fc2.weight', 'encoder.layers.3.fc2.bias', 'encoder.layers.3.layer_norms.0.weight', 'encoder.layers.3.layer_norms.0.bias', 'encoder.layers.3.layer_norms.1.weight', 'encoder.layers.3.layer_norms.1.bias', 'encoder.layers.4.self_attn.in_proj_weight', 'encoder.layers.4.self_attn.in_proj_bias', 'encoder.layers.4.self_attn.out_proj.weight', 'encoder.layers.4.self_attn.out_proj.bias', 'encoder.layers.4.fc1.weight', 'encoder.layers.4.fc1.bias', 'encoder.layers.4.fc2.weight', 'encoder.layers.4.fc2.bias', 'encoder.layers.4.layer_norms.0.weight', 'encoder.layers.4.layer_norms.0.bias', 'encoder.layers.4.layer_norms.1.weight', 'encoder.layers.4.layer_norms.1.bias', 'encoder.layers.5.self_attn.in_proj_weight', 'encoder.layers.5.self_attn.in_proj_bias', 'encoder.layers.5.self_attn.out_proj.weight', 'encoder.layers.5.self_attn.out_proj.bias', 'encoder.layers.5.fc1.weight', 'encoder.layers.5.fc1.bias', 'encoder.layers.5.fc2.weight', 'encoder.layers.5.fc2.bias', 'encoder.layers.5.layer_norms.0.weight', 'encoder.layers.5.layer_norms.0.bias', 'encoder.layers.5.layer_norms.1.weight', 'encoder.layers.5.layer_norms.1.bias', 'decoder.version', 'decoder.embed_tokens.weight', 'decoder.embed_positions._float_tensor', 'decoder.layers.0.self_attn.in_proj_weight', 'decoder.layers.0.self_attn.in_proj_bias', 'decoder.layers.0.self_attn.out_proj.weight', 'decoder.layers.0.self_attn.out_proj.bias', 'decoder.layers.0.self_attn_layer_norm.weight', 'decoder.layers.0.self_attn_layer_norm.bias', 'decoder.layers.0.encoder_attn.in_proj_weight', 'decoder.layers.0.encoder_attn.in_proj_bias', 'decoder.layers.0.encoder_attn.out_proj.weight', 'decoder.layers.0.encoder_attn.out_proj.bias', 'decoder.layers.0.encoder_attn_layer_norm.weight', 'decoder.layers.0.encoder_attn_layer_norm.bias', 'decoder.layers.0.fc1.weight', 'decoder.layers.0.fc1.bias', 'decoder.layers.0.fc2.weight', 'decoder.layers.0.fc2.bias', 'decoder.layers.0.final_layer_norm.weight', 'decoder.layers.0.final_layer_norm.bias', 'decoder.layers.1.self_attn.in_proj_weight', 'decoder.layers.1.self_attn.in_proj_bias', 'decoder.layers.1.self_attn.out_proj.weight', 'decoder.layers.1.self_attn.out_proj.bias', 'decoder.layers.1.self_attn_layer_norm.weight', 'decoder.layers.1.self_attn_layer_norm.bias', 'decoder.layers.1.encoder_attn.in_proj_weight', 'decoder.layers.1.encoder_attn.in_proj_bias', 'decoder.layers.1.encoder_attn.out_proj.weight', 'decoder.layers.1.encoder_attn.out_proj.bias', 'decoder.layers.1.encoder_attn_layer_norm.weight', 'decoder.layers.1.encoder_attn_layer_norm.bias', 'decoder.layers.1.fc1.weight', 'decoder.layers.1.fc1.bias', 'decoder.layers.1.fc2.weight', 'decoder.layers.1.fc2.bias', 'decoder.layers.1.final_layer_norm.weight', 'decoder.layers.1.final_layer_norm.bias', 'decoder.layers.2.self_attn.in_proj_weight', 'decoder.layers.2.self_attn.in_proj_bias', 'decoder.layers.2.self_attn.out_proj.weight', 'decoder.layers.2.self_attn.out_proj.bias', 'decoder.layers.2.self_attn_layer_norm.weight', 'decoder.layers.2.self_attn_layer_norm.bias', 'decoder.layers.2.encoder_attn.in_proj_weight', 'decoder.layers.2.encoder_attn.in_proj_bias', 'decoder.layers.2.encoder_attn.out_proj.weight', 'decoder.layers.2.encoder_attn.out_proj.bias', 'decoder.layers.2.encoder_attn_layer_norm.weight', 'decoder.layers.2.encoder_attn_layer_norm.bias', 'decoder.layers.2.fc1.weight', 'decoder.layers.2.fc1.bias', 'decoder.layers.2.fc2.weight', 'decoder.layers.2.fc2.bias', 'decoder.layers.2.final_layer_norm.weight', 'decoder.layers.2.final_layer_norm.bias', 'decoder.layers.3.self_attn.in_proj_weight', 'decoder.layers.3.self_attn.in_proj_bias', 'decoder.layers.3.self_attn.out_proj.weight', 'decoder.layers.3.self_attn.out_proj.bias', 'decoder.layers.3.self_attn_layer_norm.weight', 'decoder.layers.3.self_attn_layer_norm.bias', 'decoder.layers.3.encoder_attn.in_proj_weight', 'decoder.layers.3.encoder_attn.in_proj_bias', 'decoder.layers.3.encoder_attn.out_proj.weight', 'decoder.layers.3.encoder_attn.out_proj.bias', 'decoder.layers.3.encoder_attn_layer_norm.weight', 'decoder.layers.3.encoder_attn_layer_norm.bias', 'decoder.layers.3.fc1.weight', 'decoder.layers.3.fc1.bias', 'decoder.layers.3.fc2.weight', 'decoder.layers.3.fc2.bias', 'decoder.layers.3.final_layer_norm.weight', 'decoder.layers.3.final_layer_norm.bias', 'decoder.layers.4.self_attn.in_proj_weight', 'decoder.layers.4.self_attn.in_proj_bias', 'decoder.layers.4.self_attn.out_proj.weight', 'decoder.layers.4.self_attn.out_proj.bias', 'decoder.layers.4.self_attn_layer_norm.weight', 'decoder.layers.4.self_attn_layer_norm.bias', 'decoder.layers.4.encoder_attn.in_proj_weight', 'decoder.layers.4.encoder_attn.in_proj_bias', 'decoder.layers.4.encoder_attn.out_proj.weight', 'decoder.layers.4.encoder_attn.out_proj.bias', 'decoder.layers.4.encoder_attn_layer_norm.weight', 'decoder.layers.4.encoder_attn_layer_norm.bias', 'decoder.layers.4.fc1.weight', 'decoder.layers.4.fc1.bias', 'decoder.layers.4.fc2.weight', 'decoder.layers.4.fc2.bias', 'decoder.layers.4.final_layer_norm.weight', 'decoder.layers.4.final_layer_norm.bias', 'decoder.layers.5.self_attn.in_proj_weight', 'decoder.layers.5.self_attn.in_proj_bias', 'decoder.layers.5.self_attn.out_proj.weight', 'decoder.layers.5.self_attn.out_proj.bias', 'decoder.layers.5.self_attn_layer_norm.weight', 'decoder.layers.5.self_attn_layer_norm.bias', 'decoder.layers.5.encoder_attn.in_proj_weight', 'decoder.layers.5.encoder_attn.in_proj_bias', 'decoder.layers.5.encoder_attn.out_proj.weight', 'decoder.layers.5.encoder_attn.out_proj.bias', 'decoder.layers.5.encoder_attn_layer_norm.weight', 'decoder.layers.5.encoder_attn_layer_norm.bias', 'decoder.layers.5.fc1.weight', 'decoder.layers.5.fc1.bias', 'decoder.layers.5.fc2.weight', 'decoder.layers.5.fc2.bias', 'decoder.layers.5.final_layer_norm.weight', 'decoder.layers.5.final_layer_norm.bias'])
              
... 
>>> b = torch.load('/apdcephfs/share_916081/jackzrzhang/research/knn-mt/model/aknn_it_hid32_maxk8_full/checkpoint_20_2500.pt')
>>> b.keys()
dict_keys(['args', 'model', 'optimizer_history', 'extra_state'])
>>> b['model'].keys()
dict_keys(['encoder.version', 'encoder.embed_tokens.weight', 'encoder.embed_positions._float_tensor', 'encoder.layers.0.self_attn.k_proj.weight', 'encoder.layers.0.self_attn.k_proj.bias', 'encoder.layers.0.self_attn.v_proj.weight', 'encoder.layers.0.self_attn.v_proj.bias', 'encoder.layers.0.self_attn.q_proj.weight', 'encoder.layers.0.self_attn.q_proj.bias', 'encoder.layers.0.self_attn.out_proj.weight', 'encoder.layers.0.self_attn.out_proj.bias', 'encoder.layers.0.self_attn_layer_norm.weight', 'encoder.layers.0.self_attn_layer_norm.bias', 'encoder.layers.0.fc1.weight', 'encoder.layers.0.fc1.bias', 'encoder.layers.0.fc2.weight', 'encoder.layers.0.fc2.bias', 'encoder.layers.0.final_layer_norm.weight', 'encoder.layers.0.final_layer_norm.bias', 'encoder.layers.1.self_attn.k_proj.weight', 'encoder.layers.1.self_attn.k_proj.bias', 'encoder.layers.1.self_attn.v_proj.weight', 'encoder.layers.1.self_attn.v_proj.bias', 'encoder.layers.1.self_attn.q_proj.weight', 'encoder.layers.1.self_attn.q_proj.bias', 'encoder.layers.1.self_attn.out_proj.weight', 'encoder.layers.1.self_attn.out_proj.bias', 'encoder.layers.1.self_attn_layer_norm.weight', 'encoder.layers.1.self_attn_layer_norm.bias', 'encoder.layers.1.fc1.weight', 'encoder.layers.1.fc1.bias', 'encoder.layers.1.fc2.weight', 'encoder.layers.1.fc2.bias', 'encoder.layers.1.final_layer_norm.weight', 'encoder.layers.1.final_layer_norm.bias', 'encoder.layers.2.self_attn.k_proj.weight', 'encoder.layers.2.self_attn.k_proj.bias', 'encoder.layers.2.self_attn.v_proj.weight', 'encoder.layers.2.self_attn.v_proj.bias', 'encoder.layers.2.self_attn.q_proj.weight', 'encoder.layers.2.self_attn.q_proj.bias', 'encoder.layers.2.self_attn.out_proj.weight', 'encoder.layers.2.self_attn.out_proj.bias', 'encoder.layers.2.self_attn_layer_norm.weight', 'encoder.layers.2.self_attn_layer_norm.bias', 'encoder.layers.2.fc1.weight', 'encoder.layers.2.fc1.bias', 'encoder.layers.2.fc2.weight', 'encoder.layers.2.fc2.bias', 'encoder.layers.2.final_layer_norm.weight', 'encoder.layers.2.final_layer_norm.bias', 'encoder.layers.3.self_attn.k_proj.weight', 'encoder.layers.3.self_attn.k_proj.bias', 'encoder.layers.3.self_attn.v_proj.weight', 'encoder.layers.3.self_attn.v_proj.bias', 'encoder.layers.3.self_attn.q_proj.weight', 'encoder.layers.3.self_attn.q_proj.bias', 'encoder.layers.3.self_attn.out_proj.weight', 'encoder.layers.3.self_attn.out_proj.bias', 'encoder.layers.3.self_attn_layer_norm.weight', 'encoder.layers.3.self_attn_layer_norm.bias', 'encoder.layers.3.fc1.weight', 'encoder.layers.3.fc1.bias', 'encoder.layers.3.fc2.weight', 'encoder.layers.3.fc2.bias', 'encoder.layers.3.final_layer_norm.weight', 'encoder.layers.3.final_layer_norm.bias', 'encoder.layers.4.self_attn.k_proj.weight', 'encoder.layers.4.self_attn.k_proj.bias', 'encoder.layers.4.self_attn.v_proj.weight', 'encoder.layers.4.self_attn.v_proj.bias', 'encoder.layers.4.self_attn.q_proj.weight', 'encoder.layers.4.self_attn.q_proj.bias', 'encoder.layers.4.self_attn.out_proj.weight', 'encoder.layers.4.self_attn.out_proj.bias', 'encoder.layers.4.self_attn_layer_norm.weight', 'encoder.layers.4.self_attn_layer_norm.bias', 'encoder.layers.4.fc1.weight', 'encoder.layers.4.fc1.bias', 'encoder.layers.4.fc2.weight', 'encoder.layers.4.fc2.bias', 'encoder.layers.4.final_layer_norm.weight', 'encoder.layers.4.final_layer_norm.bias', 'encoder.layers.5.self_attn.k_proj.weight', 'encoder.layers.5.self_attn.k_proj.bias', 'encoder.layers.5.self_attn.v_proj.weight', 'encoder.layers.5.self_attn.v_proj.bias', 'encoder.layers.5.self_attn.q_proj.weight', 'encoder.layers.5.self_attn.q_proj.bias', 'encoder.layers.5.self_attn.out_proj.weight', 'encoder.layers.5.self_attn.out_proj.bias', 'encoder.layers.5.self_attn_layer_norm.weight', 'encoder.layers.5.self_attn_layer_norm.bias', 'encoder.layers.5.fc1.weight', 'encoder.layers.5.fc1.bias', 'encoder.layers.5.fc2.weight', 'encoder.layers.5.fc2.bias', 'encoder.layers.5.final_layer_norm.weight', 'encoder.layers.5.final_layer_norm.bias', 'decoder.version', 'decoder.embed_tokens.weight', 'decoder.embed_positions._float_tensor', 'decoder.layers.0.self_attn.k_proj.weight', 'decoder.layers.0.self_attn.k_proj.bias', 'decoder.layers.0.self_attn.v_proj.weight', 'decoder.layers.0.self_attn.v_proj.bias', 'decoder.layers.0.self_attn.q_proj.weight', 'decoder.layers.0.self_attn.q_proj.bias', 'decoder.layers.0.self_attn.out_proj.weight', 'decoder.layers.0.self_attn.out_proj.bias', 'decoder.layers.0.self_attn_layer_norm.weight', 'decoder.layers.0.self_attn_layer_norm.bias', 'decoder.layers.0.encoder_attn.k_proj.weight', 'decoder.layers.0.encoder_attn.k_proj.bias', 'decoder.layers.0.encoder_attn.v_proj.weight', 'decoder.layers.0.encoder_attn.v_proj.bias', 'decoder.layers.0.encoder_attn.q_proj.weight', 'decoder.layers.0.encoder_attn.q_proj.bias', 'decoder.layers.0.encoder_attn.out_proj.weight', 'decoder.layers.0.encoder_attn.out_proj.bias', 'decoder.layers.0.encoder_attn_layer_norm.weight', 'decoder.layers.0.encoder_attn_layer_norm.bias', 'decoder.layers.0.fc1.weight', 'decoder.layers.0.fc1.bias', 'decoder.layers.0.fc2.weight', 'decoder.layers.0.fc2.bias', 'decoder.layers.0.final_layer_norm.weight', 'decoder.layers.0.final_layer_norm.bias', 'decoder.layers.1.self_attn.k_proj.weight', 'decoder.layers.1.self_attn.k_proj.bias', 'decoder.layers.1.self_attn.v_proj.weight', 'decoder.layers.1.self_attn.v_proj.bias', 'decoder.layers.1.self_attn.q_proj.weight', 'decoder.layers.1.self_attn.q_proj.bias', 'decoder.layers.1.self_attn.out_proj.weight', 'decoder.layers.1.self_attn.out_proj.bias', 'decoder.layers.1.self_attn_layer_norm.weight', 'decoder.layers.1.self_attn_layer_norm.bias', 'decoder.layers.1.encoder_attn.k_proj.weight', 'decoder.layers.1.encoder_attn.k_proj.bias', 'decoder.layers.1.encoder_attn.v_proj.weight', 'decoder.layers.1.encoder_attn.v_proj.bias', 'decoder.layers.1.encoder_attn.q_proj.weight', 'decoder.layers.1.encoder_attn.q_proj.bias', 'decoder.layers.1.encoder_attn.out_proj.weight', 'decoder.layers.1.encoder_attn.out_proj.bias', 'decoder.layers.1.encoder_attn_layer_norm.weight', 'decoder.layers.1.encoder_attn_layer_norm.bias', 'decoder.layers.1.fc1.weight', 'decoder.layers.1.fc1.bias', 'decoder.layers.1.fc2.weight', 'decoder.layers.1.fc2.bias', 'decoder.layers.1.final_layer_norm.weight', 'decoder.layers.1.final_layer_norm.bias', 'decoder.layers.2.self_attn.k_proj.weight', 'decoder.layers.2.self_attn.k_proj.bias', 'decoder.layers.2.self_attn.v_proj.weight', 'decoder.layers.2.self_attn.v_proj.bias', 'decoder.layers.2.self_attn.q_proj.weight', 'decoder.layers.2.self_attn.q_proj.bias', 'decoder.layers.2.self_attn.out_proj.weight', 'decoder.layers.2.self_attn.out_proj.bias', 'decoder.layers.2.self_attn_layer_norm.weight', 'decoder.layers.2.self_attn_layer_norm.bias', 'decoder.layers.2.encoder_attn.k_proj.weight', 'decoder.layers.2.encoder_attn.k_proj.bias', 'decoder.layers.2.encoder_attn.v_proj.weight', 'decoder.layers.2.encoder_attn.v_proj.bias', 'decoder.layers.2.encoder_attn.q_proj.weight', 'decoder.layers.2.encoder_attn.q_proj.bias', 'decoder.layers.2.encoder_attn.out_proj.weight', 'decoder.layers.2.encoder_attn.out_proj.bias', 'decoder.layers.2.encoder_attn_layer_norm.weight', 'decoder.layers.2.encoder_attn_layer_norm.bias', 'decoder.layers.2.fc1.weight', 'decoder.layers.2.fc1.bias', 'decoder.layers.2.fc2.weight', 'decoder.layers.2.fc2.bias', 'decoder.layers.2.final_layer_norm.weight', 'decoder.layers.2.final_layer_norm.bias', 'decoder.layers.3.self_attn.k_proj.weight', 'decoder.layers.3.self_attn.k_proj.bias', 'decoder.layers.3.self_attn.v_proj.weight', 'decoder.layers.3.self_attn.v_proj.bias', 'decoder.layers.3.self_attn.q_proj.weight', 'decoder.layers.3.self_attn.q_proj.bias', 'decoder.layers.3.self_attn.out_proj.weight', 'decoder.layers.3.self_attn.out_proj.bias', 'decoder.layers.3.self_attn_layer_norm.weight', 'decoder.layers.3.self_attn_layer_norm.bias', 'decoder.layers.3.encoder_attn.k_proj.weight', 'decoder.layers.3.encoder_attn.k_proj.bias', 'decoder.layers.3.encoder_attn.v_proj.weight', 'decoder.layers.3.encoder_attn.v_proj.bias', 'decoder.layers.3.encoder_attn.q_proj.weight', 'decoder.layers.3.encoder_attn.q_proj.bias', 'decoder.layers.3.encoder_attn.out_proj.weight', 'decoder.layers.3.encoder_attn.out_proj.bias', 'decoder.layers.3.encoder_attn_layer_norm.weight', 'decoder.layers.3.encoder_attn_layer_norm.bias', 'decoder.layers.3.fc1.weight', 'decoder.layers.3.fc1.bias', 'decoder.layers.3.fc2.weight', 'decoder.layers.3.fc2.bias', 'decoder.layers.3.final_layer_norm.weight', 'decoder.layers.3.final_layer_norm.bias', 'decoder.layers.4.self_attn.k_proj.weight', 'decoder.layers.4.self_attn.k_proj.bias', 'decoder.layers.4.self_attn.v_proj.weight', 'decoder.layers.4.self_attn.v_proj.bias', 'decoder.layers.4.self_attn.q_proj.weight', 'decoder.layers.4.self_attn.q_proj.bias', 'decoder.layers.4.self_attn.out_proj.weight', 'decoder.layers.4.self_attn.out_proj.bias', 'decoder.layers.4.self_attn_layer_norm.weight', 'decoder.layers.4.self_attn_layer_norm.bias', 'decoder.layers.4.encoder_attn.k_proj.weight', 'decoder.layers.4.encoder_attn.k_proj.bias', 'decoder.layers.4.encoder_attn.v_proj.weight', 'decoder.layers.4.encoder_attn.v_proj.bias', 'decoder.layers.4.encoder_attn.q_proj.weight', 'decoder.layers.4.encoder_attn.q_proj.bias', 'decoder.layers.4.encoder_attn.out_proj.weight', 'decoder.layers.4.encoder_attn.out_proj.bias', 'decoder.layers.4.encoder_attn_layer_norm.weight', 'decoder.layers.4.encoder_attn_layer_norm.bias', 'decoder.layers.4.fc1.weight', 'decoder.layers.4.fc1.bias', 'decoder.layers.4.fc2.weight', 'decoder.layers.4.fc2.bias', 'decoder.layers.4.final_layer_norm.weight', 'decoder.layers.4.final_layer_norm.bias', 'decoder.layers.5.self_attn.k_proj.weight', 'decoder.layers.5.self_attn.k_proj.bias', 'decoder.layers.5.self_attn.v_proj.weight', 'decoder.layers.5.self_attn.v_proj.bias', 'decoder.layers.5.self_attn.q_proj.weight', 'decoder.layers.5.self_attn.q_proj.bias', 'decoder.layers.5.self_attn.out_proj.weight', 'decoder.layers.5.self_attn.out_proj.bias', 'decoder.layers.5.self_attn_layer_norm.weight', 'decoder.layers.5.self_attn_layer_norm.bias', 'decoder.layers.5.encoder_attn.k_proj.weight', 'decoder.layers.5.encoder_attn.k_proj.bias', 'decoder.layers.5.encoder_attn.v_proj.weight', 'decoder.layers.5.encoder_attn.v_proj.bias', 'decoder.layers.5.encoder_attn.q_proj.weight', 'decoder.layers.5.encoder_attn.q_proj.bias', 'decoder.layers.5.encoder_attn.out_proj.weight', 'decoder.layers.5.encoder_attn.out_proj.bias', 'decoder.layers.5.encoder_attn_layer_norm.weight', 'decoder.layers.5.encoder_attn_layer_norm.bias', 'decoder.layers.5.fc1.weight', 'decoder.layers.5.fc1.bias', 'decoder.layers.5.fc2.weight', 'decoder.layers.5.fc2.bias', 'decoder.layers.5.final_layer_norm.weight', 'decoder.layers.5.final_layer_norm.bias', 'decoder.output_projection.weight', 'decoder.retrieve_result_to_k_and_lambda.0.weight', 'decoder.retrieve_result_to_k_and_lambda.0.bias', 'decoder.retrieve_result_to_k_and_lambda.3.weight', 'decoder.retrieve_result_to_k_and_lambda.3.bias'])